------------------------------------------------------------
Timing Analyzer Summary
------------------------------------------------------------

Type  : Slow 1100mV 85C Model Setup 'MP3_PC_HPS:hps|MP3_PC_HPS_hps_io:hps_io|MP3_PC_HPS_hps_io_border:border|hps_sdram:hps_sdram_inst|hps_sdram_pll:pll|afi_clk_write_clk'
Slack : 2.563
TNS   : 0.000

Type  : Slow 1100mV 85C Model Setup 'altera_reserved_tck'
Slack : 11.150
TNS   : 0.000

Type  : Slow 1100mV 85C Model Hold 'altera_reserved_tck'
Slack : 0.115
TNS   : 0.000

Type  : Slow 1100mV 85C Model Hold 'MP3_PC_HPS:hps|MP3_PC_HPS_hps_io:hps_io|MP3_PC_HPS_hps_io_border:border|hps_sdram:hps_sdram_inst|hps_sdram_pll:pll|afi_clk_write_clk'
Slack : 0.143
TNS   : 0.000

Type  : Slow 1100mV 85C Model Recovery 'MP3_PC_HPS:hps|MP3_PC_HPS_hps_io:hps_io|MP3_PC_HPS_hps_io_border:border|hps_sdram:hps_sdram_inst|hps_sdram_pll:pll|afi_clk_write_clk'
Slack : 5.041
TNS   : 0.000

Type  : Slow 1100mV 85C Model Recovery 'altera_reserved_tck'
Slack : 14.442
TNS   : 0.000

Type  : Slow 1100mV 85C Model Removal 'altera_reserved_tck'
Slack : 0.983
TNS   : 0.000

Type  : Slow 1100mV 85C Model Removal 'MP3_PC_HPS:hps|MP3_PC_HPS_hps_io:hps_io|MP3_PC_HPS_hps_io_border:border|hps_sdram:hps_sdram_inst|hps_sdram_pll:pll|afi_clk_write_clk'
Slack : 1.063
TNS   : 0.000

Type  : Slow 1100mV 85C Model Minimum Pulse Width 'MP3_PC_HPS:hps|MP3_PC_HPS_hps_io:hps_io|MP3_PC_HPS_hps_io_border:border|hps_sdram:hps_sdram_inst|hps_sdram_pll:pll|pll_write_clk_dq_write_clk'
Slack : 1.025
TNS   : 0.000

Type  : Slow 1100mV 85C Model Minimum Pulse Width 'MP3_PC_HPS:hps|MP3_PC_HPS_hps_io:hps_io|MP3_PC_HPS_hps_io_border:border|hps_sdram:hps_sdram_inst|hps_sdram_pll:pll|afi_clk_write_clk'
Slack : 1.039
TNS   : 0.000

Type  : Slow 1100mV 85C Model Minimum Pulse Width 'altera_reserved_tck'
Slack : 15.767
TNS   : 0.000

Type  : Slow 1100mV 0C Model Setup 'MP3_PC_HPS:hps|MP3_PC_HPS_hps_io:hps_io|MP3_PC_HPS_hps_io_border:border|hps_sdram:hps_sdram_inst|hps_sdram_pll:pll|afi_clk_write_clk'
Slack : 2.560
TNS   : 0.000

Type  : Slow 1100mV 0C Model Setup 'altera_reserved_tck'
Slack : 11.258
TNS   : 0.000

Type  : Slow 1100mV 0C Model Hold 'altera_reserved_tck'
Slack : 0.105
TNS   : 0.000

Type  : Slow 1100mV 0C Model Hold 'MP3_PC_HPS:hps|MP3_PC_HPS_hps_io:hps_io|MP3_PC_HPS_hps_io_border:border|hps_sdram:hps_sdram_inst|hps_sdram_pll:pll|afi_clk_write_clk'
Slack : 0.162
TNS   : 0.000

Type  : Slow 1100mV 0C Model Recovery 'MP3_PC_HPS:hps|MP3_PC_HPS_hps_io:hps_io|MP3_PC_HPS_hps_io_border:border|hps_sdram:hps_sdram_inst|hps_sdram_pll:pll|afi_clk_write_clk'
Slack : 5.134
TNS   : 0.000

Type  : Slow 1100mV 0C Model Recovery 'altera_reserved_tck'
Slack : 14.511
TNS   : 0.000

Type  : Slow 1100mV 0C Model Removal 'altera_reserved_tck'
Slack : 0.919
TNS   : 0.000

Type  : Slow 1100mV 0C Model Removal 'MP3_PC_HPS:hps|MP3_PC_HPS_hps_io:hps_io|MP3_PC_HPS_hps_io_border:border|hps_sdram:hps_sdram_inst|hps_sdram_pll:pll|afi_clk_write_clk'
Slack : 1.012
TNS   : 0.000

Type  : Slow 1100mV 0C Model Minimum Pulse Width 'MP3_PC_HPS:hps|MP3_PC_HPS_hps_io:hps_io|MP3_PC_HPS_hps_io_border:border|hps_sdram:hps_sdram_inst|hps_sdram_pll:pll|pll_write_clk_dq_write_clk'
Slack : 1.030
TNS   : 0.000

Type  : Slow 1100mV 0C Model Minimum Pulse Width 'MP3_PC_HPS:hps|MP3_PC_HPS_hps_io:hps_io|MP3_PC_HPS_hps_io_border:border|hps_sdram:hps_sdram_inst|hps_sdram_pll:pll|afi_clk_write_clk'
Slack : 1.046
TNS   : 0.000

Type  : Slow 1100mV 0C Model Minimum Pulse Width 'altera_reserved_tck'
Slack : 15.767
TNS   : 0.000

Type  : Fast 1100mV 85C Model Setup 'MP3_PC_HPS:hps|MP3_PC_HPS_hps_io:hps_io|MP3_PC_HPS_hps_io_border:border|hps_sdram:hps_sdram_inst|hps_sdram_pll:pll|afi_clk_write_clk'
Slack : 2.943
TNS   : 0.000

Type  : Fast 1100mV 85C Model Setup 'altera_reserved_tck'
Slack : 13.440
TNS   : 0.000

Type  : Fast 1100mV 85C Model Hold 'altera_reserved_tck'
Slack : 0.020
TNS   : 0.000

Type  : Fast 1100mV 85C Model Hold 'MP3_PC_HPS:hps|MP3_PC_HPS_hps_io:hps_io|MP3_PC_HPS_hps_io_border:border|hps_sdram:hps_sdram_inst|hps_sdram_pll:pll|afi_clk_write_clk'
Slack : 0.084
TNS   : 0.000

Type  : Fast 1100mV 85C Model Recovery 'MP3_PC_HPS:hps|MP3_PC_HPS_hps_io:hps_io|MP3_PC_HPS_hps_io_border:border|hps_sdram:hps_sdram_inst|hps_sdram_pll:pll|afi_clk_write_clk'
Slack : 5.393
TNS   : 0.000

Type  : Fast 1100mV 85C Model Recovery 'altera_reserved_tck'
Slack : 15.448
TNS   : 0.000

Type  : Fast 1100mV 85C Model Removal 'altera_reserved_tck'
Slack : 0.498
TNS   : 0.000

Type  : Fast 1100mV 85C Model Removal 'MP3_PC_HPS:hps|MP3_PC_HPS_hps_io:hps_io|MP3_PC_HPS_hps_io_border:border|hps_sdram:hps_sdram_inst|hps_sdram_pll:pll|afi_clk_write_clk'
Slack : 0.984
TNS   : 0.000

Type  : Fast 1100mV 85C Model Minimum Pulse Width 'MP3_PC_HPS:hps|MP3_PC_HPS_hps_io:hps_io|MP3_PC_HPS_hps_io_border:border|hps_sdram:hps_sdram_inst|hps_sdram_pll:pll|pll_write_clk_dq_write_clk'
Slack : 1.300
TNS   : 0.000

Type  : Fast 1100mV 85C Model Minimum Pulse Width 'MP3_PC_HPS:hps|MP3_PC_HPS_hps_io:hps_io|MP3_PC_HPS_hps_io_border:border|hps_sdram:hps_sdram_inst|hps_sdram_pll:pll|afi_clk_write_clk'
Slack : 1.307
TNS   : 0.000

Type  : Fast 1100mV 85C Model Minimum Pulse Width 'altera_reserved_tck'
Slack : 15.740
TNS   : 0.000

Type  : Fast 1100mV 0C Model Setup 'MP3_PC_HPS:hps|MP3_PC_HPS_hps_io:hps_io|MP3_PC_HPS_hps_io_border:border|hps_sdram:hps_sdram_inst|hps_sdram_pll:pll|afi_clk_write_clk'
Slack : 2.943
TNS   : 0.000

Type  : Fast 1100mV 0C Model Setup 'altera_reserved_tck'
Slack : 13.807
TNS   : 0.000

Type  : Fast 1100mV 0C Model Hold 'altera_reserved_tck'
Slack : 0.008
TNS   : 0.000

Type  : Fast 1100mV 0C Model Hold 'MP3_PC_HPS:hps|MP3_PC_HPS_hps_io:hps_io|MP3_PC_HPS_hps_io_border:border|hps_sdram:hps_sdram_inst|hps_sdram_pll:pll|afi_clk_write_clk'
Slack : 0.077
TNS   : 0.000

Type  : Fast 1100mV 0C Model Recovery 'MP3_PC_HPS:hps|MP3_PC_HPS_hps_io:hps_io|MP3_PC_HPS_hps_io_border:border|hps_sdram:hps_sdram_inst|hps_sdram_pll:pll|afi_clk_write_clk'
Slack : 5.491
TNS   : 0.000

Type  : Fast 1100mV 0C Model Recovery 'altera_reserved_tck'
Slack : 15.618
TNS   : 0.000

Type  : Fast 1100mV 0C Model Removal 'altera_reserved_tck'
Slack : 0.437
TNS   : 0.000

Type  : Fast 1100mV 0C Model Removal 'MP3_PC_HPS:hps|MP3_PC_HPS_hps_io:hps_io|MP3_PC_HPS_hps_io_border:border|hps_sdram:hps_sdram_inst|hps_sdram_pll:pll|afi_clk_write_clk'
Slack : 0.889
TNS   : 0.000

Type  : Fast 1100mV 0C Model Minimum Pulse Width 'MP3_PC_HPS:hps|MP3_PC_HPS_hps_io:hps_io|MP3_PC_HPS_hps_io_border:border|hps_sdram:hps_sdram_inst|hps_sdram_pll:pll|pll_write_clk_dq_write_clk'
Slack : 1.304
TNS   : 0.000

Type  : Fast 1100mV 0C Model Minimum Pulse Width 'MP3_PC_HPS:hps|MP3_PC_HPS_hps_io:hps_io|MP3_PC_HPS_hps_io_border:border|hps_sdram:hps_sdram_inst|hps_sdram_pll:pll|afi_clk_write_clk'
Slack : 1.311
TNS   : 0.000

Type  : Fast 1100mV 0C Model Minimum Pulse Width 'altera_reserved_tck'
Slack : 15.764
TNS   : 0.000

------------------------------------------------------------
Info: see the "DDR report" for DDR timing results
------------------------------------------------------------
------------------------------------------------------------
