Archive member included to satisfy reference by file (symbol)

d:/quartus/nios2eds/bin/gnu/h-x86_64-mingw32/bin/../lib/gcc/nios2-elf/5.3.0/mno-hw-mul\libgcc.a(lib2-divmod.o)
                              obj/default/hello_world_small.o (__divsi3)
../NIOSII_bsp/\libhal_bsp.a(alt_irq_register.o)
                              obj/default/hello_world_small.o (alt_irq_register)
../NIOSII_bsp/\libhal_bsp.a(alt_irq_vars.o)
                              ../NIOSII_bsp/\libhal_bsp.a(alt_irq_register.o) (alt_irq_active)
../NIOSII_bsp/\libhal_bsp.a(alt_load.o)
                              ../NIOSII_bsp//obj/HAL/src/crt0.o (alt_load)
../NIOSII_bsp/\libhal_bsp.a(alt_main.o)
                              ../NIOSII_bsp//obj/HAL/src/crt0.o (alt_main)
../NIOSII_bsp/\libhal_bsp.a(alt_putstr.o)
                              obj/default/hello_world_small.o (alt_putstr)
../NIOSII_bsp/\libhal_bsp.a(alt_usleep.o)
                              obj/default/hello_world_small.o (usleep)
../NIOSII_bsp/\libhal_bsp.a(alt_sys_init.o)
                              ../NIOSII_bsp/\libhal_bsp.a(alt_main.o) (alt_irq_init)
../NIOSII_bsp/\libhal_bsp.a(altera_avalon_jtag_uart_write.o)
                              ../NIOSII_bsp/\libhal_bsp.a(alt_putstr.o) (altera_avalon_jtag_uart_write)
../NIOSII_bsp/\libhal_bsp.a(altera_up_avalon_video_character_buffer_with_dma.o)
                              ../NIOSII_bsp/\libhal_bsp.a(alt_sys_init.o) (alt_up_char_buffer_init)
../NIOSII_bsp/\libhal_bsp.a(alt_busy_sleep.o)
                              ../NIOSII_bsp/\libhal_bsp.a(alt_usleep.o) (alt_busy_sleep)
../NIOSII_bsp/\libhal_bsp.a(alt_dcache_flush_all.o)
                              ../NIOSII_bsp/\libhal_bsp.a(alt_load.o) (alt_dcache_flush_all)
../NIOSII_bsp/\libhal_bsp.a(alt_dev.o)
                              ../NIOSII_bsp/\libhal_bsp.a(alt_sys_init.o) (alt_dev_list)
../NIOSII_bsp/\libhal_bsp.a(alt_dev_llist_insert.o)
                              ../NIOSII_bsp/\libhal_bsp.a(alt_sys_init.o) (alt_dev_llist_insert)
../NIOSII_bsp/\libhal_bsp.a(alt_errno.o)
                              ../NIOSII_bsp/\libhal_bsp.a(alt_dev_llist_insert.o) (alt_errno)
../NIOSII_bsp/\libhal_bsp.a(alt_find_dev.o)
                              ../NIOSII_bsp/\libhal_bsp.a(altera_up_avalon_video_character_buffer_with_dma.o) (alt_find_dev)
../NIOSII_bsp/\libhal_bsp.a(alt_icache_flush_all.o)
                              ../NIOSII_bsp/\libhal_bsp.a(alt_load.o) (alt_icache_flush_all)
../NIOSII_bsp/\libhal_bsp.a(alt_irq_entry.o)
                              ../NIOSII_bsp/\libhal_bsp.a(alt_irq_register.o) (alt_irq_entry)
../NIOSII_bsp/\libhal_bsp.a(alt_irq_handler.o)
                              ../NIOSII_bsp/\libhal_bsp.a(alt_irq_register.o) (alt_irq_handler)
../NIOSII_bsp/\libhal_bsp.a(altera_nios2_gen2_irq.o)
                              ../NIOSII_bsp/\libhal_bsp.a(alt_sys_init.o) (altera_nios2_gen2_irq_init)
../NIOSII_bsp/\libhal_bsp.a(alt_exception_entry.o)
                              ../NIOSII_bsp/\libhal_bsp.a(alt_irq_entry.o) (alt_exception)
../NIOSII_bsp/\libhal_bsp.a(alt_instruction_exception_entry.o)
                              ../NIOSII_bsp/\libhal_bsp.a(alt_exception_entry.o) (alt_instruction_exception_entry)
d:/quartus/nios2eds/bin/gnu/h-x86_64-mingw32/bin/../lib/gcc/nios2-elf/5.3.0/../../../../../H-x86_64-mingw32/nios2-elf/lib/mno-hw-mul\libsmallc.a(lib_a-int_errno.o)
                              ../NIOSII_bsp/\libhal_bsp.a(alt_dev_llist_insert.o) (errno)
d:/quartus/nios2eds/bin/gnu/h-x86_64-mingw32/bin/../lib/gcc/nios2-elf/5.3.0/../../../../../H-x86_64-mingw32/nios2-elf/lib/mno-hw-mul\libsmallc.a(lib_a-memcmp.o)
                              ../NIOSII_bsp/\libhal_bsp.a(alt_find_dev.o) (memcmp)
d:/quartus/nios2eds/bin/gnu/h-x86_64-mingw32/bin/../lib/gcc/nios2-elf/5.3.0/../../../../../H-x86_64-mingw32/nios2-elf/lib/mno-hw-mul\libsmallc.a(lib_a-strcmp.o)
                              ../NIOSII_bsp/\libhal_bsp.a(altera_up_avalon_video_character_buffer_with_dma.o) (strcmp)
d:/quartus/nios2eds/bin/gnu/h-x86_64-mingw32/bin/../lib/gcc/nios2-elf/5.3.0/../../../../../H-x86_64-mingw32/nios2-elf/lib/mno-hw-mul\libsmallc.a(lib_a-strlen.o)
                              ../NIOSII_bsp/\libhal_bsp.a(alt_putstr.o) (strlen)
d:/quartus/nios2eds/bin/gnu/h-x86_64-mingw32/bin/../lib/gcc/nios2-elf/5.3.0/mno-hw-mul\libgcc.a(lib2-mul.o)
                              ../NIOSII_bsp/\libhal_bsp.a(alt_busy_sleep.o) (__mulsi3)

Allocating common symbols
Common symbol       size              file

alt_irq             0x100             ../NIOSII_bsp/\libhal_bsp.a(alt_irq_handler.o)
errno               0x4               d:/quartus/nios2eds/bin/gnu/h-x86_64-mingw32/bin/../lib/gcc/nios2-elf/5.3.0/../../../../../H-x86_64-mingw32/nios2-elf/lib/mno-hw-mul\libsmallc.a(lib_a-int_errno.o)

Memory Configuration

Name             Origin             Length             Attributes
reset            0x0000000000000000 0x0000000000000020
RAM              0x0000000000000020 0x0000000000003fe0
AudioRAM         0x0000000000008000 0x0000000000008000
*default*        0x0000000000000000 0xffffffffffffffff

Linker script and memory map

LOAD ../NIOSII_bsp//obj/HAL/src/crt0.o
LOAD obj/default/hello_world_small.o
LOAD d:/quartus/nios2eds/bin/gnu/h-x86_64-mingw32/bin/../lib/gcc/nios2-elf/5.3.0/../../../../../H-x86_64-mingw32/nios2-elf/lib/mno-hw-mul\libstdc++.a
LOAD d:/quartus/nios2eds/bin/gnu/h-x86_64-mingw32/bin/../lib/gcc/nios2-elf/5.3.0/../../../../../H-x86_64-mingw32/nios2-elf/lib/mno-hw-mul\libm.a
LOAD d:/quartus/nios2eds/bin/gnu/h-x86_64-mingw32/bin/../lib/gcc/nios2-elf/5.3.0/mno-hw-mul\libgcc.a
START GROUP
LOAD d:/quartus/nios2eds/bin/gnu/h-x86_64-mingw32/bin/../lib/gcc/nios2-elf/5.3.0/../../../../../H-x86_64-mingw32/nios2-elf/lib/mno-hw-mul\libsmallc.a
LOAD d:/quartus/nios2eds/bin/gnu/h-x86_64-mingw32/bin/../lib/gcc/nios2-elf/5.3.0/mno-hw-mul\libgcc.a
LOAD ../NIOSII_bsp/\libhal_bsp.a
LOAD d:/quartus/nios2eds/bin/gnu/h-x86_64-mingw32/bin/../lib/gcc/nios2-elf/5.3.0/../../../../../H-x86_64-mingw32/nios2-elf/lib/mno-hw-mul\libm.a
END GROUP
LOAD d:/quartus/nios2eds/bin/gnu/h-x86_64-mingw32/bin/../lib/gcc/nios2-elf/5.3.0/mno-hw-mul\libgcc.a
                0x0000000000000000                __alt_mem_RAM = 0x0
                0x0000000000008000                __alt_mem_AudioRAM = 0x8000

.entry          0x0000000000000000       0x20
 *(.entry)
 .entry         0x0000000000000000       0x20 ../NIOSII_bsp//obj/HAL/src/crt0.o
                0x0000000000000000                __reset
                0x000000000000000c                _exit

.exceptions     0x0000000000000020      0x160
                0x0000000000000020                PROVIDE (__ram_exceptions_start, ABSOLUTE (.))
                0x0000000000000020                . = ALIGN (0x20)
 *(.irq)
 *(.exceptions.entry.label)
 .exceptions.entry.label
                0x0000000000000020        0x0 ../NIOSII_bsp/\libhal_bsp.a(alt_irq_entry.o)
                0x0000000000000020                alt_irq_entry
 .exceptions.entry.label
                0x0000000000000020        0x0 ../NIOSII_bsp/\libhal_bsp.a(alt_exception_entry.o)
                0x0000000000000020                alt_exception
 *(.exceptions.entry.user)
 *(.exceptions.entry.ecc_fatal)
 *(.exceptions.entry)
 .exceptions.entry
                0x0000000000000020       0x54 ../NIOSII_bsp/\libhal_bsp.a(alt_exception_entry.o)
 *(.exceptions.irqtest.user)
 *(.exceptions.irqtest)
 .exceptions.irqtest
                0x0000000000000074       0x10 ../NIOSII_bsp/\libhal_bsp.a(alt_irq_entry.o)
 *(.exceptions.irqhandler.user)
 *(.exceptions.irqhandler)
 .exceptions.irqhandler
                0x0000000000000084        0x4 ../NIOSII_bsp/\libhal_bsp.a(alt_irq_entry.o)
 *(.exceptions.irqreturn.user)
 *(.exceptions.irqreturn)
 .exceptions.irqreturn
                0x0000000000000088        0x4 ../NIOSII_bsp/\libhal_bsp.a(alt_irq_entry.o)
 *(.exceptions.notirq.label)
 .exceptions.notirq.label
                0x000000000000008c        0x0 ../NIOSII_bsp/\libhal_bsp.a(alt_irq_entry.o)
 *(.exceptions.notirq.user)
 *(.exceptions.notirq)
 .exceptions.notirq
                0x000000000000008c        0x8 ../NIOSII_bsp/\libhal_bsp.a(alt_exception_entry.o)
 *(.exceptions.soft.user)
 *(.exceptions.soft)
 *(.exceptions.unknown.user)
 *(.exceptions.unknown)
 .exceptions.unknown
                0x0000000000000094       0x14 ../NIOSII_bsp/\libhal_bsp.a(alt_exception_entry.o)
 *(.exceptions.exit.label)
 .exceptions.exit.label
                0x00000000000000a8        0x0 ../NIOSII_bsp/\libhal_bsp.a(alt_irq_entry.o)
 .exceptions.exit.label
                0x00000000000000a8        0x0 ../NIOSII_bsp/\libhal_bsp.a(alt_exception_entry.o)
 *(.exceptions.exit.user)
 *(.exceptions.exit)
 .exceptions.exit
                0x00000000000000a8       0x54 ../NIOSII_bsp/\libhal_bsp.a(alt_exception_entry.o)
 *(.exceptions)
 .exceptions    0x00000000000000fc       0x60 ../NIOSII_bsp/\libhal_bsp.a(alt_irq_handler.o)
                0x00000000000000fc                alt_irq_handler
 .exceptions    0x000000000000015c       0x24 ../NIOSII_bsp/\libhal_bsp.a(alt_instruction_exception_entry.o)
                0x000000000000015c                alt_instruction_exception_entry
                0x0000000000000180                PROVIDE (__ram_exceptions_end, ABSOLUTE (.))
                0x0000000000000020                PROVIDE (__flash_exceptions_start, LOADADDR (.exceptions))

.text           0x0000000000000180      0xa90
                [!provide]                        PROVIDE (stext, ABSOLUTE (.))
 *(.interp)
 *(.hash)
 *(.dynsym)
 *(.dynstr)
 *(.gnu.version)
 *(.gnu.version_d)
 *(.gnu.version_r)
 *(.rel.init)
 *(.rela.init)
 *(.rel.text .rel.text.* .rel.gnu.linkonce.t.*)
 *(.rela.text .rela.text.* .rela.gnu.linkonce.t.*)
 *(.rel.fini)
 *(.rela.fini)
 *(.rel.rodata .rel.rodata.* .rel.gnu.linkonce.r.*)
 *(.rela.rodata .rela.rodata.* .rela.gnu.linkonce.r.*)
 *(.rel.data .rel.data.* .rel.gnu.linkonce.d.*)
 *(.rela.data .rela.data.* .rela.gnu.linkonce.d.*)
 *(.rel.tdata .rel.tdata.* .rel.gnu.linkonce.td.*)
 *(.rela.tdata .rela.tdata.* .rela.gnu.linkonce.td.*)
 *(.rel.tbss .rel.tbss.* .rel.gnu.linkonce.tb.*)
 *(.rela.tbss .rela.tbss.* .rela.gnu.linkonce.tb.*)
 *(.rel.ctors)
 *(.rela.ctors)
 *(.rel.dtors)
 *(.rela.dtors)
 *(.rel.got)
 *(.rela.got)
 *(.rel.sdata .rel.sdata.* .rel.gnu.linkonce.s.*)
 *(.rela.sdata .rela.sdata.* .rela.gnu.linkonce.s.*)
 *(.rel.sbss .rel.sbss.* .rel.gnu.linkonce.sb.*)
 *(.rela.sbss .rela.sbss.* .rela.gnu.linkonce.sb.*)
 *(.rel.sdata2 .rel.sdata2.* .rel.gnu.linkonce.s2.*)
 *(.rela.sdata2 .rela.sdata2.* .rela.gnu.linkonce.s2.*)
 *(.rel.sbss2 .rel.sbss2.* .rel.gnu.linkonce.sb2.*)
 *(.rela.sbss2 .rela.sbss2.* .rela.gnu.linkonce.sb2.*)
 *(.rel.bss .rel.bss.* .rel.gnu.linkonce.b.*)
 *(.rela.bss .rela.bss.* .rela.gnu.linkonce.b.*)
 *(.rel.plt)
 *(.rela.plt)
 *(.rel.dyn)
 *(.init)
 *(.plt)
 *(.text .stub .text.* .gnu.linkonce.t.*)
 .text          0x0000000000000180       0x3c ../NIOSII_bsp//obj/HAL/src/crt0.o
                0x0000000000000180                _start
 .text          0x00000000000001bc       0x84 obj/default/hello_world_small.o
                0x00000000000001bc                button_interrupt_handler
                0x0000000000000200                configurar_interrupciones
 .text.startup  0x0000000000000240      0x188 obj/default/hello_world_small.o
                0x0000000000000240                main
 .text          0x00000000000003c8      0x1b4 d:/quartus/nios2eds/bin/gnu/h-x86_64-mingw32/bin/../lib/gcc/nios2-elf/5.3.0/mno-hw-mul\libgcc.a(lib2-divmod.o)
                0x00000000000003c8                __divsi3
                0x000000000000044c                __modsi3
                0x00000000000004c0                __udivsi3
                0x0000000000000524                __umodsi3
 .text          0x000000000000057c       0x94 ../NIOSII_bsp/\libhal_bsp.a(alt_irq_register.o)
                0x000000000000057c                alt_irq_register
 .text          0x0000000000000610        0x0 ../NIOSII_bsp/\libhal_bsp.a(alt_irq_vars.o)
 .text          0x0000000000000610       0xe0 ../NIOSII_bsp/\libhal_bsp.a(alt_load.o)
                0x0000000000000610                alt_load
 .text          0x00000000000006f0       0x2c ../NIOSII_bsp/\libhal_bsp.a(alt_main.o)
                0x00000000000006f0                alt_main
 .text          0x000000000000071c       0x38 ../NIOSII_bsp/\libhal_bsp.a(alt_putstr.o)
                0x000000000000071c                alt_putstr
 .text          0x0000000000000754        0x4 ../NIOSII_bsp/\libhal_bsp.a(alt_usleep.o)
                0x0000000000000754                usleep
 .text          0x0000000000000758       0xb4 ../NIOSII_bsp/\libhal_bsp.a(alt_sys_init.o)
                0x0000000000000758                alt_irq_init
                0x0000000000000778                alt_sys_init
 .text          0x000000000000080c       0x34 ../NIOSII_bsp/\libhal_bsp.a(altera_avalon_jtag_uart_write.o)
                0x000000000000080c                altera_avalon_jtag_uart_write
 .text          0x0000000000000840      0x130 ../NIOSII_bsp/\libhal_bsp.a(altera_up_avalon_video_character_buffer_with_dma.o)
                0x0000000000000840                alt_up_char_buffer_init
                0x000000000000088c                alt_up_char_buffer_open_dev
                0x0000000000000894                alt_up_char_buffer_draw
                0x00000000000008e4                alt_up_char_buffer_string
                0x0000000000000950                alt_up_char_buffer_clear
 .text          0x0000000000000970       0x88 ../NIOSII_bsp/\libhal_bsp.a(alt_busy_sleep.o)
                0x0000000000000970                alt_busy_sleep
 .text          0x00000000000009f8        0x4 ../NIOSII_bsp/\libhal_bsp.a(alt_dcache_flush_all.o)
                0x00000000000009f8                alt_dcache_flush_all
 .text          0x00000000000009fc        0x8 ../NIOSII_bsp/\libhal_bsp.a(alt_dev.o)
 .text          0x0000000000000a04       0x6c ../NIOSII_bsp/\libhal_bsp.a(alt_dev_llist_insert.o)
                0x0000000000000a04                alt_dev_llist_insert
 .text          0x0000000000000a70        0x0 ../NIOSII_bsp/\libhal_bsp.a(alt_errno.o)
 .text          0x0000000000000a70       0x74 ../NIOSII_bsp/\libhal_bsp.a(alt_find_dev.o)
                0x0000000000000a70                alt_find_dev
 .text          0x0000000000000ae4        0x4 ../NIOSII_bsp/\libhal_bsp.a(alt_icache_flush_all.o)
                0x0000000000000ae4                alt_icache_flush_all
 .text          0x0000000000000ae8        0x0 ../NIOSII_bsp/\libhal_bsp.a(alt_irq_entry.o)
 .text          0x0000000000000ae8        0x0 ../NIOSII_bsp/\libhal_bsp.a(alt_irq_handler.o)
 .text          0x0000000000000ae8        0x8 ../NIOSII_bsp/\libhal_bsp.a(altera_nios2_gen2_irq.o)
                0x0000000000000ae8                altera_nios2_gen2_irq_init
 .text          0x0000000000000af0        0x0 ../NIOSII_bsp/\libhal_bsp.a(alt_exception_entry.o)
 .text          0x0000000000000af0       0x74 ../NIOSII_bsp/\libhal_bsp.a(alt_instruction_exception_entry.o)
                0x0000000000000af0                alt_exception_cause_generated_bad_addr
 .text          0x0000000000000b64        0x0 d:/quartus/nios2eds/bin/gnu/h-x86_64-mingw32/bin/../lib/gcc/nios2-elf/5.3.0/../../../../../H-x86_64-mingw32/nios2-elf/lib/mno-hw-mul\libsmallc.a(lib_a-int_errno.o)
 .text          0x0000000000000b64        0x0 d:/quartus/nios2eds/bin/gnu/h-x86_64-mingw32/bin/../lib/gcc/nios2-elf/5.3.0/../../../../../H-x86_64-mingw32/nios2-elf/lib/mno-hw-mul\libsmallc.a(lib_a-memcmp.o)
 .text.memcmp   0x0000000000000b64       0x30 d:/quartus/nios2eds/bin/gnu/h-x86_64-mingw32/bin/../lib/gcc/nios2-elf/5.3.0/../../../../../H-x86_64-mingw32/nios2-elf/lib/mno-hw-mul\libsmallc.a(lib_a-memcmp.o)
                0x0000000000000b64                memcmp
 .text          0x0000000000000b94        0x0 d:/quartus/nios2eds/bin/gnu/h-x86_64-mingw32/bin/../lib/gcc/nios2-elf/5.3.0/../../../../../H-x86_64-mingw32/nios2-elf/lib/mno-hw-mul\libsmallc.a(lib_a-strcmp.o)
 .text.strcmp   0x0000000000000b94       0x38 d:/quartus/nios2eds/bin/gnu/h-x86_64-mingw32/bin/../lib/gcc/nios2-elf/5.3.0/../../../../../H-x86_64-mingw32/nios2-elf/lib/mno-hw-mul\libsmallc.a(lib_a-strcmp.o)
                0x0000000000000b94                strcmp
 .text          0x0000000000000bcc        0x0 d:/quartus/nios2eds/bin/gnu/h-x86_64-mingw32/bin/../lib/gcc/nios2-elf/5.3.0/../../../../../H-x86_64-mingw32/nios2-elf/lib/mno-hw-mul\libsmallc.a(lib_a-strlen.o)
 .text.strlen   0x0000000000000bcc       0x1c d:/quartus/nios2eds/bin/gnu/h-x86_64-mingw32/bin/../lib/gcc/nios2-elf/5.3.0/../../../../../H-x86_64-mingw32/nios2-elf/lib/mno-hw-mul\libsmallc.a(lib_a-strlen.o)
                0x0000000000000bcc                strlen
 .text          0x0000000000000be8       0x28 d:/quartus/nios2eds/bin/gnu/h-x86_64-mingw32/bin/../lib/gcc/nios2-elf/5.3.0/mno-hw-mul\libgcc.a(lib2-mul.o)
                0x0000000000000be8                __mulsi3
 *(.gnu.warning.*)
 *(.fini)
                [!provide]                        PROVIDE (__etext, ABSOLUTE (.))
                [!provide]                        PROVIDE (_etext, ABSOLUTE (.))
                [!provide]                        PROVIDE (etext, ABSOLUTE (.))
 *(.eh_frame_hdr)
                0x0000000000000c10                . = ALIGN (0x4)
                [!provide]                        PROVIDE (__preinit_array_start, ABSOLUTE (.))
 *(.preinit_array)
                [!provide]                        PROVIDE (__preinit_array_end, ABSOLUTE (.))
                [!provide]                        PROVIDE (__init_array_start, ABSOLUTE (.))
 *(.init_array)
                [!provide]                        PROVIDE (__init_array_end, ABSOLUTE (.))
                [!provide]                        PROVIDE (__fini_array_start, ABSOLUTE (.))
 *(.fini_array)
                [!provide]                        PROVIDE (__fini_array_end, ABSOLUTE (.))
 *(.eh_frame)
 *(.gcc_except_table .gcc_except_table.*)
 *(.dynamic)
                [!provide]                        PROVIDE (__CTOR_LIST__, ABSOLUTE (.))
 *(.ctors)
 *(SORT(.ctors.*))
                [!provide]                        PROVIDE (__CTOR_END__, ABSOLUTE (.))
                [!provide]                        PROVIDE (__DTOR_LIST__, ABSOLUTE (.))
 *(.dtors)
 *(SORT(.dtors.*))
                [!provide]                        PROVIDE (__DTOR_END__, ABSOLUTE (.))
 *(.jcr)
                0x0000000000000c10                . = ALIGN (0x4)

.rodata         0x0000000000000c10      0x118
                0x0000000000000c10                PROVIDE (__ram_rodata_start, ABSOLUTE (.))
                0x0000000000000c10                . = ALIGN (0x4)
 *(.rodata .rodata.* .gnu.linkonce.r.*)
 .rodata.str1.4
                0x0000000000000c10       0xa1 obj/default/hello_world_small.o
 *fill*         0x0000000000000cb1        0x3 
 .rodata.str1.4
                0x0000000000000cb4       0x49 ../NIOSII_bsp/\libhal_bsp.a(alt_sys_init.o)
 *fill*         0x0000000000000cfd        0x3 
 .rodata.str1.4
                0x0000000000000d00       0x1a ../NIOSII_bsp/\libhal_bsp.a(altera_up_avalon_video_character_buffer_with_dma.o)
 *fill*         0x0000000000000d1a        0x2 
 .rodata.str1.4
                0x0000000000000d1c        0xc ../NIOSII_bsp/\libhal_bsp.a(alt_dev.o)
                                          0xa (size before relaxing)
 *(.rodata1)
                0x0000000000000d28                . = ALIGN (0x4)
                0x0000000000000d28                PROVIDE (__ram_rodata_end, ABSOLUTE (.))
                0x0000000000000c10                PROVIDE (__flash_rodata_start, LOADADDR (.rodata))

.rwdata         0x0000000000000d28      0x12c load address 0x0000000000000e54
                0x0000000000000d28                PROVIDE (__ram_rwdata_start, ABSOLUTE (.))
                0x0000000000000d28                . = ALIGN (0x4)
 *(.got.plt)
 *(.got)
 *(.data1)
 *(.data .data.* .gnu.linkonce.d.*)
 .data          0x0000000000000d28        0x0 ../NIOSII_bsp//obj/HAL/src/crt0.o
 .data          0x0000000000000d28        0xa obj/default/hello_world_small.o
                0x0000000000000d28                hex_table_custom
 .data          0x0000000000000d32        0x0 d:/quartus/nios2eds/bin/gnu/h-x86_64-mingw32/bin/../lib/gcc/nios2-elf/5.3.0/mno-hw-mul\libgcc.a(lib2-divmod.o)
 .data          0x0000000000000d32        0x0 ../NIOSII_bsp/\libhal_bsp.a(alt_irq_register.o)
 .data          0x0000000000000d32        0x0 ../NIOSII_bsp/\libhal_bsp.a(alt_irq_vars.o)
 .data          0x0000000000000d32        0x0 ../NIOSII_bsp/\libhal_bsp.a(alt_load.o)
 .data          0x0000000000000d32        0x0 ../NIOSII_bsp/\libhal_bsp.a(alt_main.o)
 .data          0x0000000000000d32        0x0 ../NIOSII_bsp/\libhal_bsp.a(alt_putstr.o)
 .data          0x0000000000000d32        0x0 ../NIOSII_bsp/\libhal_bsp.a(alt_usleep.o)
 *fill*         0x0000000000000d32        0x2 
 .data          0x0000000000000d34       0xa8 ../NIOSII_bsp/\libhal_bsp.a(alt_sys_init.o)
 .data          0x0000000000000ddc        0x0 ../NIOSII_bsp/\libhal_bsp.a(altera_avalon_jtag_uart_write.o)
 .data          0x0000000000000ddc        0x0 ../NIOSII_bsp/\libhal_bsp.a(altera_up_avalon_video_character_buffer_with_dma.o)
 .data          0x0000000000000ddc        0x0 ../NIOSII_bsp/\libhal_bsp.a(alt_busy_sleep.o)
 .data          0x0000000000000ddc        0x0 ../NIOSII_bsp/\libhal_bsp.a(alt_dcache_flush_all.o)
 .data          0x0000000000000ddc       0x58 ../NIOSII_bsp/\libhal_bsp.a(alt_dev.o)
                0x0000000000000ddc                alt_fd_list
                0x0000000000000e0c                alt_dev_null
 .data          0x0000000000000e34        0x0 ../NIOSII_bsp/\libhal_bsp.a(alt_dev_llist_insert.o)
 .data          0x0000000000000e34        0x0 ../NIOSII_bsp/\libhal_bsp.a(alt_errno.o)
 .data          0x0000000000000e34        0x0 ../NIOSII_bsp/\libhal_bsp.a(alt_find_dev.o)
 .data          0x0000000000000e34        0x0 ../NIOSII_bsp/\libhal_bsp.a(alt_icache_flush_all.o)
 .data          0x0000000000000e34        0x0 ../NIOSII_bsp/\libhal_bsp.a(alt_irq_entry.o)
 .data          0x0000000000000e34        0x0 ../NIOSII_bsp/\libhal_bsp.a(alt_irq_handler.o)
 .data          0x0000000000000e34        0x0 ../NIOSII_bsp/\libhal_bsp.a(altera_nios2_gen2_irq.o)
 .data          0x0000000000000e34        0x0 ../NIOSII_bsp/\libhal_bsp.a(alt_exception_entry.o)
 .data          0x0000000000000e34        0x0 ../NIOSII_bsp/\libhal_bsp.a(alt_instruction_exception_entry.o)
 .data          0x0000000000000e34        0x0 d:/quartus/nios2eds/bin/gnu/h-x86_64-mingw32/bin/../lib/gcc/nios2-elf/5.3.0/../../../../../H-x86_64-mingw32/nios2-elf/lib/mno-hw-mul\libsmallc.a(lib_a-int_errno.o)
 .data          0x0000000000000e34        0x0 d:/quartus/nios2eds/bin/gnu/h-x86_64-mingw32/bin/../lib/gcc/nios2-elf/5.3.0/../../../../../H-x86_64-mingw32/nios2-elf/lib/mno-hw-mul\libsmallc.a(lib_a-memcmp.o)
 .data          0x0000000000000e34        0x0 d:/quartus/nios2eds/bin/gnu/h-x86_64-mingw32/bin/../lib/gcc/nios2-elf/5.3.0/../../../../../H-x86_64-mingw32/nios2-elf/lib/mno-hw-mul\libsmallc.a(lib_a-strcmp.o)
 .data          0x0000000000000e34        0x0 d:/quartus/nios2eds/bin/gnu/h-x86_64-mingw32/bin/../lib/gcc/nios2-elf/5.3.0/../../../../../H-x86_64-mingw32/nios2-elf/lib/mno-hw-mul\libsmallc.a(lib_a-strlen.o)
 .data          0x0000000000000e34        0x0 d:/quartus/nios2eds/bin/gnu/h-x86_64-mingw32/bin/../lib/gcc/nios2-elf/5.3.0/mno-hw-mul\libgcc.a(lib2-mul.o)
                0x0000000000008e34                _gp = ABSOLUTE ((. + 0x8000))
                [!provide]                        PROVIDE (gp, _gp)
 *(.rwdata .rwdata.*)
 *(.sdata .sdata.* .gnu.linkonce.s.*)
 .sdata         0x0000000000000e34        0x4 ../NIOSII_bsp/\libhal_bsp.a(alt_irq_vars.o)
                0x0000000000000e34                alt_priority_mask
 .sdata         0x0000000000000e38        0x4 ../NIOSII_bsp/\libhal_bsp.a(alt_sys_init.o)
                0x0000000000000e38                UART
 .sdata         0x0000000000000e3c       0x14 ../NIOSII_bsp/\libhal_bsp.a(alt_dev.o)
                0x0000000000000e3c                alt_max_fd
                0x0000000000000e40                alt_dev_list
                0x0000000000000e48                alt_fs_list
 .sdata         0x0000000000000e50        0x4 ../NIOSII_bsp/\libhal_bsp.a(alt_errno.o)
                0x0000000000000e50                alt_errno
 *(.sdata2 .sdata2.* .gnu.linkonce.s2.*)
                0x0000000000000e54                . = ALIGN (0x4)
                0x0000000000000e54                _edata = ABSOLUTE (.)
                [!provide]                        PROVIDE (edata, ABSOLUTE (.))
                0x0000000000000e54                PROVIDE (__ram_rwdata_end, ABSOLUTE (.))
                0x0000000000000e54                PROVIDE (__flash_rwdata_start, LOADADDR (.rwdata))

.bss            0x0000000000000f80      0x124
                0x0000000000000f80                __bss_start = ABSOLUTE (.)
                [!provide]                        PROVIDE (__sbss_start, ABSOLUTE (.))
                [!provide]                        PROVIDE (___sbss_start, ABSOLUTE (.))
 *(.dynsbss)
 *(.sbss .sbss.* .gnu.linkonce.sb.*)
 .sbss          0x0000000000000f80        0xc obj/default/hello_world_small.o
                0x0000000000000f80                prev_pressed
                0x0000000000000f84                next_pressed
                0x0000000000000f88                pause_toggle
 .sbss          0x0000000000000f8c        0x4 ../NIOSII_bsp/\libhal_bsp.a(alt_irq_vars.o)
                0x0000000000000f8c                alt_irq_active
 .sbss          0x0000000000000f90        0xc ../NIOSII_bsp/\libhal_bsp.a(alt_main.o)
                0x0000000000000f90                alt_envp
                0x0000000000000f94                alt_argv
                0x0000000000000f98                alt_argc
 .sbss          0x0000000000000f9c        0x4 ../NIOSII_bsp/\libhal_bsp.a(alt_instruction_exception_entry.o)
                0x0000000000000f9c                alt_instruction_exception_handler
 .sbss          0x0000000000000fa0        0x4 d:/quartus/nios2eds/bin/gnu/h-x86_64-mingw32/bin/../lib/gcc/nios2-elf/5.3.0/../../../../../H-x86_64-mingw32/nios2-elf/lib/mno-hw-mul\libsmallc.a(lib_a-int_errno.o)
                0x0000000000000fa0                errno
 *(.sbss2 .sbss2.* .gnu.linkonce.sb2.*)
 *(.scommon)
                [!provide]                        PROVIDE (__sbss_end, ABSOLUTE (.))
                [!provide]                        PROVIDE (___sbss_end, ABSOLUTE (.))
 *(.dynbss)
 *(.bss .bss.* .gnu.linkonce.b.*)
 .bss           0x0000000000000fa4        0x0 ../NIOSII_bsp//obj/HAL/src/crt0.o
 .bss           0x0000000000000fa4        0x0 obj/default/hello_world_small.o
 .bss           0x0000000000000fa4        0x0 d:/quartus/nios2eds/bin/gnu/h-x86_64-mingw32/bin/../lib/gcc/nios2-elf/5.3.0/mno-hw-mul\libgcc.a(lib2-divmod.o)
 .bss           0x0000000000000fa4        0x0 ../NIOSII_bsp/\libhal_bsp.a(alt_irq_register.o)
 .bss           0x0000000000000fa4        0x0 ../NIOSII_bsp/\libhal_bsp.a(alt_irq_vars.o)
 .bss           0x0000000000000fa4        0x0 ../NIOSII_bsp/\libhal_bsp.a(alt_load.o)
 .bss           0x0000000000000fa4        0x0 ../NIOSII_bsp/\libhal_bsp.a(alt_main.o)
 .bss           0x0000000000000fa4        0x0 ../NIOSII_bsp/\libhal_bsp.a(alt_putstr.o)
 .bss           0x0000000000000fa4        0x0 ../NIOSII_bsp/\libhal_bsp.a(alt_usleep.o)
 .bss           0x0000000000000fa4        0x0 ../NIOSII_bsp/\libhal_bsp.a(alt_sys_init.o)
 .bss           0x0000000000000fa4        0x0 ../NIOSII_bsp/\libhal_bsp.a(altera_avalon_jtag_uart_write.o)
 .bss           0x0000000000000fa4        0x0 ../NIOSII_bsp/\libhal_bsp.a(altera_up_avalon_video_character_buffer_with_dma.o)
 .bss           0x0000000000000fa4        0x0 ../NIOSII_bsp/\libhal_bsp.a(alt_busy_sleep.o)
 .bss           0x0000000000000fa4        0x0 ../NIOSII_bsp/\libhal_bsp.a(alt_dcache_flush_all.o)
 .bss           0x0000000000000fa4        0x0 ../NIOSII_bsp/\libhal_bsp.a(alt_dev.o)
 .bss           0x0000000000000fa4        0x0 ../NIOSII_bsp/\libhal_bsp.a(alt_dev_llist_insert.o)
 .bss           0x0000000000000fa4        0x0 ../NIOSII_bsp/\libhal_bsp.a(alt_errno.o)
 .bss           0x0000000000000fa4        0x0 ../NIOSII_bsp/\libhal_bsp.a(alt_find_dev.o)
 .bss           0x0000000000000fa4        0x0 ../NIOSII_bsp/\libhal_bsp.a(alt_icache_flush_all.o)
 .bss           0x0000000000000fa4        0x0 ../NIOSII_bsp/\libhal_bsp.a(alt_irq_entry.o)
 .bss           0x0000000000000fa4        0x0 ../NIOSII_bsp/\libhal_bsp.a(alt_irq_handler.o)
 .bss           0x0000000000000fa4        0x0 ../NIOSII_bsp/\libhal_bsp.a(altera_nios2_gen2_irq.o)
 .bss           0x0000000000000fa4        0x0 ../NIOSII_bsp/\libhal_bsp.a(alt_exception_entry.o)
 .bss           0x0000000000000fa4        0x0 ../NIOSII_bsp/\libhal_bsp.a(alt_instruction_exception_entry.o)
 .bss           0x0000000000000fa4        0x0 d:/quartus/nios2eds/bin/gnu/h-x86_64-mingw32/bin/../lib/gcc/nios2-elf/5.3.0/../../../../../H-x86_64-mingw32/nios2-elf/lib/mno-hw-mul\libsmallc.a(lib_a-int_errno.o)
 .bss           0x0000000000000fa4        0x0 d:/quartus/nios2eds/bin/gnu/h-x86_64-mingw32/bin/../lib/gcc/nios2-elf/5.3.0/../../../../../H-x86_64-mingw32/nios2-elf/lib/mno-hw-mul\libsmallc.a(lib_a-memcmp.o)
 .bss           0x0000000000000fa4        0x0 d:/quartus/nios2eds/bin/gnu/h-x86_64-mingw32/bin/../lib/gcc/nios2-elf/5.3.0/../../../../../H-x86_64-mingw32/nios2-elf/lib/mno-hw-mul\libsmallc.a(lib_a-strcmp.o)
 .bss           0x0000000000000fa4        0x0 d:/quartus/nios2eds/bin/gnu/h-x86_64-mingw32/bin/../lib/gcc/nios2-elf/5.3.0/../../../../../H-x86_64-mingw32/nios2-elf/lib/mno-hw-mul\libsmallc.a(lib_a-strlen.o)
 .bss           0x0000000000000fa4        0x0 d:/quartus/nios2eds/bin/gnu/h-x86_64-mingw32/bin/../lib/gcc/nios2-elf/5.3.0/mno-hw-mul\libgcc.a(lib2-mul.o)
 *(COMMON)
 COMMON         0x0000000000000fa4      0x100 ../NIOSII_bsp/\libhal_bsp.a(alt_irq_handler.o)
                0x0000000000000fa4                alt_irq
                0x00000000000010a4                . = ALIGN (0x4)
                0x00000000000010a4                __bss_end = ABSOLUTE (.)

.RAM            0x00000000000010a4        0x0
                [!provide]                        PROVIDE (_alt_partition_RAM_start, ABSOLUTE (.))
 *(.RAM .RAM. RAM.*)
                0x00000000000010a4                . = ALIGN (0x4)
                [!provide]                        PROVIDE (_alt_partition_RAM_end, ABSOLUTE (.))
                0x00000000000010a4                _end = ABSOLUTE (.)
                0x00000000000010a4                end = ABSOLUTE (.)
                0x00000000000010a4                __alt_stack_base = ABSOLUTE (.)
                [!provide]                        PROVIDE (_alt_partition_RAM_load_addr, LOADADDR (.RAM))

.AudioRAM       0x0000000000008000        0x0 load address 0x00000000000010a4
                [!provide]                        PROVIDE (_alt_partition_AudioRAM_start, ABSOLUTE (.))
 *(.AudioRAM .AudioRAM. AudioRAM.*)
                0x0000000000008000                . = ALIGN (0x4)
                [!provide]                        PROVIDE (_alt_partition_AudioRAM_end, ABSOLUTE (.))
                [!provide]                        PROVIDE (_alt_partition_AudioRAM_load_addr, LOADADDR (.AudioRAM))

.stab
 *(.stab)

.stabstr
 *(.stabstr)

.stab.excl
 *(.stab.excl)

.stab.exclstr
 *(.stab.exclstr)

.stab.index
 *(.stab.index)

.stab.indexstr
 *(.stab.indexstr)

.comment        0x0000000000000000       0x23
 *(.comment)
 .comment       0x0000000000000000       0x23 obj/default/hello_world_small.o
                                         0x24 (size before relaxing)
 .comment       0x0000000000000023       0x24 d:/quartus/nios2eds/bin/gnu/h-x86_64-mingw32/bin/../lib/gcc/nios2-elf/5.3.0/mno-hw-mul\libgcc.a(lib2-divmod.o)
 .comment       0x0000000000000023       0x24 ../NIOSII_bsp/\libhal_bsp.a(alt_irq_register.o)
 .comment       0x0000000000000023       0x24 ../NIOSII_bsp/\libhal_bsp.a(alt_irq_vars.o)
 .comment       0x0000000000000023       0x24 ../NIOSII_bsp/\libhal_bsp.a(alt_load.o)
 .comment       0x0000000000000023       0x24 ../NIOSII_bsp/\libhal_bsp.a(alt_main.o)
 .comment       0x0000000000000023       0x24 ../NIOSII_bsp/\libhal_bsp.a(alt_putstr.o)
 .comment       0x0000000000000023       0x24 ../NIOSII_bsp/\libhal_bsp.a(alt_usleep.o)
 .comment       0x0000000000000023       0x24 ../NIOSII_bsp/\libhal_bsp.a(alt_sys_init.o)
 .comment       0x0000000000000023       0x24 ../NIOSII_bsp/\libhal_bsp.a(altera_avalon_jtag_uart_write.o)
 .comment       0x0000000000000023       0x24 ../NIOSII_bsp/\libhal_bsp.a(altera_up_avalon_video_character_buffer_with_dma.o)
 .comment       0x0000000000000023       0x24 ../NIOSII_bsp/\libhal_bsp.a(alt_busy_sleep.o)
 .comment       0x0000000000000023       0x24 ../NIOSII_bsp/\libhal_bsp.a(alt_dcache_flush_all.o)
 .comment       0x0000000000000023       0x24 ../NIOSII_bsp/\libhal_bsp.a(alt_dev.o)
 .comment       0x0000000000000023       0x24 ../NIOSII_bsp/\libhal_bsp.a(alt_dev_llist_insert.o)
 .comment       0x0000000000000023       0x24 ../NIOSII_bsp/\libhal_bsp.a(alt_errno.o)
 .comment       0x0000000000000023       0x24 ../NIOSII_bsp/\libhal_bsp.a(alt_find_dev.o)
 .comment       0x0000000000000023       0x24 ../NIOSII_bsp/\libhal_bsp.a(alt_icache_flush_all.o)
 .comment       0x0000000000000023       0x24 ../NIOSII_bsp/\libhal_bsp.a(alt_irq_handler.o)
 .comment       0x0000000000000023       0x24 ../NIOSII_bsp/\libhal_bsp.a(altera_nios2_gen2_irq.o)
 .comment       0x0000000000000023       0x24 ../NIOSII_bsp/\libhal_bsp.a(alt_instruction_exception_entry.o)
 .comment       0x0000000000000023       0x24 d:/quartus/nios2eds/bin/gnu/h-x86_64-mingw32/bin/../lib/gcc/nios2-elf/5.3.0/../../../../../H-x86_64-mingw32/nios2-elf/lib/mno-hw-mul\libsmallc.a(lib_a-int_errno.o)
 .comment       0x0000000000000023       0x24 d:/quartus/nios2eds/bin/gnu/h-x86_64-mingw32/bin/../lib/gcc/nios2-elf/5.3.0/../../../../../H-x86_64-mingw32/nios2-elf/lib/mno-hw-mul\libsmallc.a(lib_a-memcmp.o)
 .comment       0x0000000000000023       0x24 d:/quartus/nios2eds/bin/gnu/h-x86_64-mingw32/bin/../lib/gcc/nios2-elf/5.3.0/../../../../../H-x86_64-mingw32/nios2-elf/lib/mno-hw-mul\libsmallc.a(lib_a-strcmp.o)
 .comment       0x0000000000000023       0x24 d:/quartus/nios2eds/bin/gnu/h-x86_64-mingw32/bin/../lib/gcc/nios2-elf/5.3.0/../../../../../H-x86_64-mingw32/nios2-elf/lib/mno-hw-mul\libsmallc.a(lib_a-strlen.o)
 .comment       0x0000000000000023       0x24 d:/quartus/nios2eds/bin/gnu/h-x86_64-mingw32/bin/../lib/gcc/nios2-elf/5.3.0/mno-hw-mul\libgcc.a(lib2-mul.o)

.debug
 *(.debug)

.line
 *(.line)

.debug_srcinfo
 *(.debug_srcinfo)

.debug_sfnames
 *(.debug_sfnames)

.debug_aranges  0x0000000000000000      0x3c8
 *(.debug_aranges)
 .debug_aranges
                0x0000000000000000       0x28 ../NIOSII_bsp//obj/HAL/src/crt0.o
 .debug_aranges
                0x0000000000000028       0x28 obj/default/hello_world_small.o
 .debug_aranges
                0x0000000000000050       0x20 d:/quartus/nios2eds/bin/gnu/h-x86_64-mingw32/bin/../lib/gcc/nios2-elf/5.3.0/mno-hw-mul\libgcc.a(lib2-divmod.o)
 .debug_aranges
                0x0000000000000070       0x20 ../NIOSII_bsp/\libhal_bsp.a(alt_irq_register.o)
 .debug_aranges
                0x0000000000000090       0x18 ../NIOSII_bsp/\libhal_bsp.a(alt_irq_vars.o)
 .debug_aranges
                0x00000000000000a8       0x20 ../NIOSII_bsp/\libhal_bsp.a(alt_load.o)
 .debug_aranges
                0x00000000000000c8       0x20 ../NIOSII_bsp/\libhal_bsp.a(alt_main.o)
 .debug_aranges
                0x00000000000000e8       0x20 ../NIOSII_bsp/\libhal_bsp.a(alt_putstr.o)
 .debug_aranges
                0x0000000000000108       0x20 ../NIOSII_bsp/\libhal_bsp.a(alt_usleep.o)
 .debug_aranges
                0x0000000000000128       0x20 ../NIOSII_bsp/\libhal_bsp.a(alt_sys_init.o)
 .debug_aranges
                0x0000000000000148       0x20 ../NIOSII_bsp/\libhal_bsp.a(altera_avalon_jtag_uart_write.o)
 .debug_aranges
                0x0000000000000168       0x20 ../NIOSII_bsp/\libhal_bsp.a(altera_up_avalon_video_character_buffer_with_dma.o)
 .debug_aranges
                0x0000000000000188       0x20 ../NIOSII_bsp/\libhal_bsp.a(alt_busy_sleep.o)
 .debug_aranges
                0x00000000000001a8       0x20 ../NIOSII_bsp/\libhal_bsp.a(alt_dcache_flush_all.o)
 .debug_aranges
                0x00000000000001c8       0x20 ../NIOSII_bsp/\libhal_bsp.a(alt_dev.o)
 .debug_aranges
                0x00000000000001e8       0x20 ../NIOSII_bsp/\libhal_bsp.a(alt_dev_llist_insert.o)
 .debug_aranges
                0x0000000000000208       0x18 ../NIOSII_bsp/\libhal_bsp.a(alt_errno.o)
 .debug_aranges
                0x0000000000000220       0x20 ../NIOSII_bsp/\libhal_bsp.a(alt_find_dev.o)
 .debug_aranges
                0x0000000000000240       0x20 ../NIOSII_bsp/\libhal_bsp.a(alt_icache_flush_all.o)
 .debug_aranges
                0x0000000000000260       0x30 ../NIOSII_bsp/\libhal_bsp.a(alt_irq_entry.o)
 .debug_aranges
                0x0000000000000290       0x20 ../NIOSII_bsp/\libhal_bsp.a(alt_irq_handler.o)
 .debug_aranges
                0x00000000000002b0       0x20 ../NIOSII_bsp/\libhal_bsp.a(altera_nios2_gen2_irq.o)
 .debug_aranges
                0x00000000000002d0       0x38 ../NIOSII_bsp/\libhal_bsp.a(alt_exception_entry.o)
 .debug_aranges
                0x0000000000000308       0x28 ../NIOSII_bsp/\libhal_bsp.a(alt_instruction_exception_entry.o)
 .debug_aranges
                0x0000000000000330       0x18 d:/quartus/nios2eds/bin/gnu/h-x86_64-mingw32/bin/../lib/gcc/nios2-elf/5.3.0/../../../../../H-x86_64-mingw32/nios2-elf/lib/mno-hw-mul\libsmallc.a(lib_a-int_errno.o)
 .debug_aranges
                0x0000000000000348       0x20 d:/quartus/nios2eds/bin/gnu/h-x86_64-mingw32/bin/../lib/gcc/nios2-elf/5.3.0/../../../../../H-x86_64-mingw32/nios2-elf/lib/mno-hw-mul\libsmallc.a(lib_a-memcmp.o)
 .debug_aranges
                0x0000000000000368       0x20 d:/quartus/nios2eds/bin/gnu/h-x86_64-mingw32/bin/../lib/gcc/nios2-elf/5.3.0/../../../../../H-x86_64-mingw32/nios2-elf/lib/mno-hw-mul\libsmallc.a(lib_a-strcmp.o)
 .debug_aranges
                0x0000000000000388       0x20 d:/quartus/nios2eds/bin/gnu/h-x86_64-mingw32/bin/../lib/gcc/nios2-elf/5.3.0/../../../../../H-x86_64-mingw32/nios2-elf/lib/mno-hw-mul\libsmallc.a(lib_a-strlen.o)
 .debug_aranges
                0x00000000000003a8       0x20 d:/quartus/nios2eds/bin/gnu/h-x86_64-mingw32/bin/../lib/gcc/nios2-elf/5.3.0/mno-hw-mul\libgcc.a(lib2-mul.o)

.debug_pubnames
 *(.debug_pubnames)

.debug_info     0x0000000000000000     0x30ce
 *(.debug_info .gnu.linkonce.wi.*)
 .debug_info    0x0000000000000000       0x75 ../NIOSII_bsp//obj/HAL/src/crt0.o
 .debug_info    0x0000000000000075      0x2e9 obj/default/hello_world_small.o
 .debug_info    0x000000000000035e      0x2c6 d:/quartus/nios2eds/bin/gnu/h-x86_64-mingw32/bin/../lib/gcc/nios2-elf/5.3.0/mno-hw-mul\libgcc.a(lib2-divmod.o)
 .debug_info    0x0000000000000624      0x30d ../NIOSII_bsp/\libhal_bsp.a(alt_irq_register.o)
 .debug_info    0x0000000000000931       0x88 ../NIOSII_bsp/\libhal_bsp.a(alt_irq_vars.o)
 .debug_info    0x00000000000009b9      0x1c9 ../NIOSII_bsp/\libhal_bsp.a(alt_load.o)
 .debug_info    0x0000000000000b82      0x18f ../NIOSII_bsp/\libhal_bsp.a(alt_main.o)
 .debug_info    0x0000000000000d11      0x13a ../NIOSII_bsp/\libhal_bsp.a(alt_putstr.o)
 .debug_info    0x0000000000000e4b       0xd1 ../NIOSII_bsp/\libhal_bsp.a(alt_usleep.o)
 .debug_info    0x0000000000000f1c      0x62b ../NIOSII_bsp/\libhal_bsp.a(alt_sys_init.o)
 .debug_info    0x0000000000001547      0x1ad ../NIOSII_bsp/\libhal_bsp.a(altera_avalon_jtag_uart_write.o)
 .debug_info    0x00000000000016f4      0x4ab ../NIOSII_bsp/\libhal_bsp.a(altera_up_avalon_video_character_buffer_with_dma.o)
 .debug_info    0x0000000000001b9f       0xd8 ../NIOSII_bsp/\libhal_bsp.a(alt_busy_sleep.o)
 .debug_info    0x0000000000001c77       0x92 ../NIOSII_bsp/\libhal_bsp.a(alt_dcache_flush_all.o)
 .debug_info    0x0000000000001d09      0x499 ../NIOSII_bsp/\libhal_bsp.a(alt_dev.o)
 .debug_info    0x00000000000021a2      0x1b3 ../NIOSII_bsp/\libhal_bsp.a(alt_dev_llist_insert.o)
 .debug_info    0x0000000000002355       0xa6 ../NIOSII_bsp/\libhal_bsp.a(alt_errno.o)
 .debug_info    0x00000000000023fb      0x32d ../NIOSII_bsp/\libhal_bsp.a(alt_find_dev.o)
 .debug_info    0x0000000000002728       0x92 ../NIOSII_bsp/\libhal_bsp.a(alt_icache_flush_all.o)
 .debug_info    0x00000000000027ba       0x7e ../NIOSII_bsp/\libhal_bsp.a(alt_irq_entry.o)
 .debug_info    0x0000000000002838      0x1a4 ../NIOSII_bsp/\libhal_bsp.a(alt_irq_handler.o)
 .debug_info    0x00000000000029dc       0xb8 ../NIOSII_bsp/\libhal_bsp.a(altera_nios2_gen2_irq.o)
 .debug_info    0x0000000000002a94       0x84 ../NIOSII_bsp/\libhal_bsp.a(alt_exception_entry.o)
 .debug_info    0x0000000000002b18      0x1fd ../NIOSII_bsp/\libhal_bsp.a(alt_instruction_exception_entry.o)
 .debug_info    0x0000000000002d15       0x8a d:/quartus/nios2eds/bin/gnu/h-x86_64-mingw32/bin/../lib/gcc/nios2-elf/5.3.0/../../../../../H-x86_64-mingw32/nios2-elf/lib/mno-hw-mul\libsmallc.a(lib_a-int_errno.o)
 .debug_info    0x0000000000002d9f       0xf4 d:/quartus/nios2eds/bin/gnu/h-x86_64-mingw32/bin/../lib/gcc/nios2-elf/5.3.0/../../../../../H-x86_64-mingw32/nios2-elf/lib/mno-hw-mul\libsmallc.a(lib_a-memcmp.o)
 .debug_info    0x0000000000002e93       0xbe d:/quartus/nios2eds/bin/gnu/h-x86_64-mingw32/bin/../lib/gcc/nios2-elf/5.3.0/../../../../../H-x86_64-mingw32/nios2-elf/lib/mno-hw-mul\libsmallc.a(lib_a-strcmp.o)
 .debug_info    0x0000000000002f51       0xc9 d:/quartus/nios2eds/bin/gnu/h-x86_64-mingw32/bin/../lib/gcc/nios2-elf/5.3.0/../../../../../H-x86_64-mingw32/nios2-elf/lib/mno-hw-mul\libsmallc.a(lib_a-strlen.o)
 .debug_info    0x000000000000301a       0xb4 d:/quartus/nios2eds/bin/gnu/h-x86_64-mingw32/bin/../lib/gcc/nios2-elf/5.3.0/mno-hw-mul\libgcc.a(lib2-mul.o)

.debug_abbrev   0x0000000000000000     0x14eb
 *(.debug_abbrev)
 .debug_abbrev  0x0000000000000000       0x12 ../NIOSII_bsp//obj/HAL/src/crt0.o
 .debug_abbrev  0x0000000000000012      0x156 obj/default/hello_world_small.o
 .debug_abbrev  0x0000000000000168      0x10e d:/quartus/nios2eds/bin/gnu/h-x86_64-mingw32/bin/../lib/gcc/nios2-elf/5.3.0/mno-hw-mul\libgcc.a(lib2-divmod.o)
 .debug_abbrev  0x0000000000000276      0x1a5 ../NIOSII_bsp/\libhal_bsp.a(alt_irq_register.o)
 .debug_abbrev  0x000000000000041b       0x40 ../NIOSII_bsp/\libhal_bsp.a(alt_irq_vars.o)
 .debug_abbrev  0x000000000000045b       0xd8 ../NIOSII_bsp/\libhal_bsp.a(alt_load.o)
 .debug_abbrev  0x0000000000000533       0xf5 ../NIOSII_bsp/\libhal_bsp.a(alt_main.o)
 .debug_abbrev  0x0000000000000628       0xd3 ../NIOSII_bsp/\libhal_bsp.a(alt_putstr.o)
 .debug_abbrev  0x00000000000006fb       0x8d ../NIOSII_bsp/\libhal_bsp.a(alt_usleep.o)
 .debug_abbrev  0x0000000000000788      0x1ed ../NIOSII_bsp/\libhal_bsp.a(alt_sys_init.o)
 .debug_abbrev  0x0000000000000975       0xd5 ../NIOSII_bsp/\libhal_bsp.a(altera_avalon_jtag_uart_write.o)
 .debug_abbrev  0x0000000000000a4a      0x16b ../NIOSII_bsp/\libhal_bsp.a(altera_up_avalon_video_character_buffer_with_dma.o)
 .debug_abbrev  0x0000000000000bb5       0x8d ../NIOSII_bsp/\libhal_bsp.a(alt_busy_sleep.o)
 .debug_abbrev  0x0000000000000c42       0x42 ../NIOSII_bsp/\libhal_bsp.a(alt_dcache_flush_all.o)
 .debug_abbrev  0x0000000000000c84       0xd9 ../NIOSII_bsp/\libhal_bsp.a(alt_dev.o)
 .debug_abbrev  0x0000000000000d5d      0x11c ../NIOSII_bsp/\libhal_bsp.a(alt_dev_llist_insert.o)
 .debug_abbrev  0x0000000000000e79       0x5a ../NIOSII_bsp/\libhal_bsp.a(alt_errno.o)
 .debug_abbrev  0x0000000000000ed3      0x125 ../NIOSII_bsp/\libhal_bsp.a(alt_find_dev.o)
 .debug_abbrev  0x0000000000000ff8       0x42 ../NIOSII_bsp/\libhal_bsp.a(alt_icache_flush_all.o)
 .debug_abbrev  0x000000000000103a       0x12 ../NIOSII_bsp/\libhal_bsp.a(alt_irq_entry.o)
 .debug_abbrev  0x000000000000104c      0x138 ../NIOSII_bsp/\libhal_bsp.a(alt_irq_handler.o)
 .debug_abbrev  0x0000000000001184       0x67 ../NIOSII_bsp/\libhal_bsp.a(altera_nios2_gen2_irq.o)
 .debug_abbrev  0x00000000000011eb       0x12 ../NIOSII_bsp/\libhal_bsp.a(alt_exception_entry.o)
 .debug_abbrev  0x00000000000011fd       0xe7 ../NIOSII_bsp/\libhal_bsp.a(alt_instruction_exception_entry.o)
 .debug_abbrev  0x00000000000012e4       0x37 d:/quartus/nios2eds/bin/gnu/h-x86_64-mingw32/bin/../lib/gcc/nios2-elf/5.3.0/../../../../../H-x86_64-mingw32/nios2-elf/lib/mno-hw-mul\libsmallc.a(lib_a-int_errno.o)
 .debug_abbrev  0x000000000000131b       0x7f d:/quartus/nios2eds/bin/gnu/h-x86_64-mingw32/bin/../lib/gcc/nios2-elf/5.3.0/../../../../../H-x86_64-mingw32/nios2-elf/lib/mno-hw-mul\libsmallc.a(lib_a-memcmp.o)
 .debug_abbrev  0x000000000000139a       0x63 d:/quartus/nios2eds/bin/gnu/h-x86_64-mingw32/bin/../lib/gcc/nios2-elf/5.3.0/../../../../../H-x86_64-mingw32/nios2-elf/lib/mno-hw-mul\libsmallc.a(lib_a-strcmp.o)
 .debug_abbrev  0x00000000000013fd       0x7f d:/quartus/nios2eds/bin/gnu/h-x86_64-mingw32/bin/../lib/gcc/nios2-elf/5.3.0/../../../../../H-x86_64-mingw32/nios2-elf/lib/mno-hw-mul\libsmallc.a(lib_a-strlen.o)
 .debug_abbrev  0x000000000000147c       0x6f d:/quartus/nios2eds/bin/gnu/h-x86_64-mingw32/bin/../lib/gcc/nios2-elf/5.3.0/mno-hw-mul\libgcc.a(lib2-mul.o)

.debug_line     0x0000000000000000     0x17bc
 *(.debug_line)
 .debug_line    0x0000000000000000       0x66 ../NIOSII_bsp//obj/HAL/src/crt0.o
 .debug_line    0x0000000000000066      0x176 obj/default/hello_world_small.o
 .debug_line    0x00000000000001dc      0x105 d:/quartus/nios2eds/bin/gnu/h-x86_64-mingw32/bin/../lib/gcc/nios2-elf/5.3.0/mno-hw-mul\libgcc.a(lib2-divmod.o)
 .debug_line    0x00000000000002e1       0xed ../NIOSII_bsp/\libhal_bsp.a(alt_irq_register.o)
 .debug_line    0x00000000000003ce       0x50 ../NIOSII_bsp/\libhal_bsp.a(alt_irq_vars.o)
 .debug_line    0x000000000000041e       0xa4 ../NIOSII_bsp/\libhal_bsp.a(alt_load.o)
 .debug_line    0x00000000000004c2       0xea ../NIOSII_bsp/\libhal_bsp.a(alt_main.o)
 .debug_line    0x00000000000005ac       0x94 ../NIOSII_bsp/\libhal_bsp.a(alt_putstr.o)
 .debug_line    0x0000000000000640       0xc3 ../NIOSII_bsp/\libhal_bsp.a(alt_usleep.o)
 .debug_line    0x0000000000000703      0x20a ../NIOSII_bsp/\libhal_bsp.a(alt_sys_init.o)
 .debug_line    0x000000000000090d      0x104 ../NIOSII_bsp/\libhal_bsp.a(altera_avalon_jtag_uart_write.o)
 .debug_line    0x0000000000000a11      0x199 ../NIOSII_bsp/\libhal_bsp.a(altera_up_avalon_video_character_buffer_with_dma.o)
 .debug_line    0x0000000000000baa       0xb5 ../NIOSII_bsp/\libhal_bsp.a(alt_busy_sleep.o)
 .debug_line    0x0000000000000c5f       0x4e ../NIOSII_bsp/\libhal_bsp.a(alt_dcache_flush_all.o)
 .debug_line    0x0000000000000cad       0xea ../NIOSII_bsp/\libhal_bsp.a(alt_dev.o)
 .debug_line    0x0000000000000d97       0xd8 ../NIOSII_bsp/\libhal_bsp.a(alt_dev_llist_insert.o)
 .debug_line    0x0000000000000e6f       0x51 ../NIOSII_bsp/\libhal_bsp.a(alt_errno.o)
 .debug_line    0x0000000000000ec0       0xfb ../NIOSII_bsp/\libhal_bsp.a(alt_find_dev.o)
 .debug_line    0x0000000000000fbb       0x4e ../NIOSII_bsp/\libhal_bsp.a(alt_icache_flush_all.o)
 .debug_line    0x0000000000001009       0x6b ../NIOSII_bsp/\libhal_bsp.a(alt_irq_entry.o)
 .debug_line    0x0000000000001074       0xc8 ../NIOSII_bsp/\libhal_bsp.a(alt_irq_handler.o)
 .debug_line    0x000000000000113c       0x8c ../NIOSII_bsp/\libhal_bsp.a(altera_nios2_gen2_irq.o)
 .debug_line    0x00000000000011c8       0xb3 ../NIOSII_bsp/\libhal_bsp.a(alt_exception_entry.o)
 .debug_line    0x000000000000127b       0xbf ../NIOSII_bsp/\libhal_bsp.a(alt_instruction_exception_entry.o)
 .debug_line    0x000000000000133a       0x5f d:/quartus/nios2eds/bin/gnu/h-x86_64-mingw32/bin/../lib/gcc/nios2-elf/5.3.0/../../../../../H-x86_64-mingw32/nios2-elf/lib/mno-hw-mul\libsmallc.a(lib_a-int_errno.o)
 .debug_line    0x0000000000001399      0x160 d:/quartus/nios2eds/bin/gnu/h-x86_64-mingw32/bin/../lib/gcc/nios2-elf/5.3.0/../../../../../H-x86_64-mingw32/nios2-elf/lib/mno-hw-mul\libsmallc.a(lib_a-memcmp.o)
 .debug_line    0x00000000000014f9       0xe7 d:/quartus/nios2eds/bin/gnu/h-x86_64-mingw32/bin/../lib/gcc/nios2-elf/5.3.0/../../../../../H-x86_64-mingw32/nios2-elf/lib/mno-hw-mul\libsmallc.a(lib_a-strcmp.o)
 .debug_line    0x00000000000015e0      0x15c d:/quartus/nios2eds/bin/gnu/h-x86_64-mingw32/bin/../lib/gcc/nios2-elf/5.3.0/../../../../../H-x86_64-mingw32/nios2-elf/lib/mno-hw-mul\libsmallc.a(lib_a-strlen.o)
 .debug_line    0x000000000000173c       0x80 d:/quartus/nios2eds/bin/gnu/h-x86_64-mingw32/bin/../lib/gcc/nios2-elf/5.3.0/mno-hw-mul\libgcc.a(lib2-mul.o)

.debug_frame    0x0000000000000000      0x44c
 *(.debug_frame)
 .debug_frame   0x0000000000000000       0x5c obj/default/hello_world_small.o
 .debug_frame   0x000000000000005c       0x50 d:/quartus/nios2eds/bin/gnu/h-x86_64-mingw32/bin/../lib/gcc/nios2-elf/5.3.0/mno-hw-mul\libgcc.a(lib2-divmod.o)
 .debug_frame   0x00000000000000ac       0x20 ../NIOSII_bsp/\libhal_bsp.a(alt_irq_register.o)
 .debug_frame   0x00000000000000cc       0x30 ../NIOSII_bsp/\libhal_bsp.a(alt_load.o)
 .debug_frame   0x00000000000000fc       0x2c ../NIOSII_bsp/\libhal_bsp.a(alt_main.o)
 .debug_frame   0x0000000000000128       0x30 ../NIOSII_bsp/\libhal_bsp.a(alt_putstr.o)
 .debug_frame   0x0000000000000158       0x20 ../NIOSII_bsp/\libhal_bsp.a(alt_usleep.o)
 .debug_frame   0x0000000000000178       0x48 ../NIOSII_bsp/\libhal_bsp.a(alt_sys_init.o)
 .debug_frame   0x00000000000001c0       0x20 ../NIOSII_bsp/\libhal_bsp.a(altera_avalon_jtag_uart_write.o)
 .debug_frame   0x00000000000001e0       0x70 ../NIOSII_bsp/\libhal_bsp.a(altera_up_avalon_video_character_buffer_with_dma.o)
 .debug_frame   0x0000000000000250       0x30 ../NIOSII_bsp/\libhal_bsp.a(alt_busy_sleep.o)
 .debug_frame   0x0000000000000280       0x20 ../NIOSII_bsp/\libhal_bsp.a(alt_dcache_flush_all.o)
 .debug_frame   0x00000000000002a0       0x20 ../NIOSII_bsp/\libhal_bsp.a(alt_dev.o)
 .debug_frame   0x00000000000002c0       0x2c ../NIOSII_bsp/\libhal_bsp.a(alt_dev_llist_insert.o)
 .debug_frame   0x00000000000002ec       0x3c ../NIOSII_bsp/\libhal_bsp.a(alt_find_dev.o)
 .debug_frame   0x0000000000000328       0x20 ../NIOSII_bsp/\libhal_bsp.a(alt_icache_flush_all.o)
 .debug_frame   0x0000000000000348       0x34 ../NIOSII_bsp/\libhal_bsp.a(alt_irq_handler.o)
 .debug_frame   0x000000000000037c       0x20 ../NIOSII_bsp/\libhal_bsp.a(altera_nios2_gen2_irq.o)
 .debug_frame   0x000000000000039c       0x30 ../NIOSII_bsp/\libhal_bsp.a(alt_instruction_exception_entry.o)
 .debug_frame   0x00000000000003cc       0x20 d:/quartus/nios2eds/bin/gnu/h-x86_64-mingw32/bin/../lib/gcc/nios2-elf/5.3.0/../../../../../H-x86_64-mingw32/nios2-elf/lib/mno-hw-mul\libsmallc.a(lib_a-memcmp.o)
 .debug_frame   0x00000000000003ec       0x20 d:/quartus/nios2eds/bin/gnu/h-x86_64-mingw32/bin/../lib/gcc/nios2-elf/5.3.0/../../../../../H-x86_64-mingw32/nios2-elf/lib/mno-hw-mul\libsmallc.a(lib_a-strcmp.o)
 .debug_frame   0x000000000000040c       0x20 d:/quartus/nios2eds/bin/gnu/h-x86_64-mingw32/bin/../lib/gcc/nios2-elf/5.3.0/../../../../../H-x86_64-mingw32/nios2-elf/lib/mno-hw-mul\libsmallc.a(lib_a-strlen.o)
 .debug_frame   0x000000000000042c       0x20 d:/quartus/nios2eds/bin/gnu/h-x86_64-mingw32/bin/../lib/gcc/nios2-elf/5.3.0/mno-hw-mul\libgcc.a(lib2-mul.o)

.debug_str      0x0000000000000000     0x1461
 *(.debug_str)
 .debug_str     0x0000000000000000      0x225 obj/default/hello_world_small.o
                                        0x26b (size before relaxing)
 .debug_str     0x0000000000000225      0x187 d:/quartus/nios2eds/bin/gnu/h-x86_64-mingw32/bin/../lib/gcc/nios2-elf/5.3.0/mno-hw-mul\libgcc.a(lib2-divmod.o)
                                        0x1d2 (size before relaxing)
 .debug_str     0x00000000000003ac       0xde ../NIOSII_bsp/\libhal_bsp.a(alt_irq_register.o)
                                        0x20f (size before relaxing)
 .debug_str     0x000000000000048a       0x17 ../NIOSII_bsp/\libhal_bsp.a(alt_irq_vars.o)
                                        0x141 (size before relaxing)
 .debug_str     0x00000000000004a1      0x113 ../NIOSII_bsp/\libhal_bsp.a(alt_load.o)
                                        0x243 (size before relaxing)
 .debug_str     0x00000000000005b4       0x8f ../NIOSII_bsp/\libhal_bsp.a(alt_main.o)
                                        0x1e5 (size before relaxing)
 .debug_str     0x0000000000000643       0x5f ../NIOSII_bsp/\libhal_bsp.a(alt_putstr.o)
                                        0x192 (size before relaxing)
 .debug_str     0x00000000000006a2       0x2f ../NIOSII_bsp/\libhal_bsp.a(alt_usleep.o)
                                        0x15e (size before relaxing)
 .debug_str     0x00000000000006d1      0x2d5 ../NIOSII_bsp/\libhal_bsp.a(alt_sys_init.o)
                                        0x4b8 (size before relaxing)
 .debug_str     0x00000000000009a6       0x32 ../NIOSII_bsp/\libhal_bsp.a(altera_avalon_jtag_uart_write.o)
                                        0x23d (size before relaxing)
 .debug_str     0x00000000000009d8       0xc6 ../NIOSII_bsp/\libhal_bsp.a(altera_up_avalon_video_character_buffer_with_dma.o)
                                        0x33d (size before relaxing)
 .debug_str     0x0000000000000a9e       0x33 ../NIOSII_bsp/\libhal_bsp.a(alt_busy_sleep.o)
                                        0x172 (size before relaxing)
 .debug_str     0x0000000000000ad1       0x1f ../NIOSII_bsp/\libhal_bsp.a(alt_dcache_flush_all.o)
                                        0x15c (size before relaxing)
 .debug_str     0x0000000000000af0      0x12c ../NIOSII_bsp/\libhal_bsp.a(alt_dev.o)
                                        0x30c (size before relaxing)
 .debug_str     0x0000000000000c1c       0x48 ../NIOSII_bsp/\libhal_bsp.a(alt_dev_llist_insert.o)
                                        0x1d3 (size before relaxing)
 .debug_str     0x0000000000000c64       0x14 ../NIOSII_bsp/\libhal_bsp.a(alt_errno.o)
                                        0x14c (size before relaxing)
 .debug_str     0x0000000000000c78       0x1e ../NIOSII_bsp/\libhal_bsp.a(alt_find_dev.o)
                                        0x201 (size before relaxing)
 .debug_str     0x0000000000000c96       0x1f ../NIOSII_bsp/\libhal_bsp.a(alt_icache_flush_all.o)
                                        0x15c (size before relaxing)
 .debug_str     0x0000000000000cb5       0x3a ../NIOSII_bsp/\libhal_bsp.a(alt_irq_handler.o)
                                        0x1bf (size before relaxing)
 .debug_str     0x0000000000000cef       0x20 ../NIOSII_bsp/\libhal_bsp.a(altera_nios2_gen2_irq.o)
                                        0x18c (size before relaxing)
 .debug_str     0x0000000000000d0f      0x48b ../NIOSII_bsp/\libhal_bsp.a(alt_instruction_exception_entry.o)
                                        0x5a7 (size before relaxing)
 .debug_str     0x000000000000119a      0x134 d:/quartus/nios2eds/bin/gnu/h-x86_64-mingw32/bin/../lib/gcc/nios2-elf/5.3.0/../../../../../H-x86_64-mingw32/nios2-elf/lib/mno-hw-mul\libsmallc.a(lib_a-int_errno.o)
                                        0x1d8 (size before relaxing)
 .debug_str     0x00000000000012ce       0xd9 d:/quartus/nios2eds/bin/gnu/h-x86_64-mingw32/bin/../lib/gcc/nios2-elf/5.3.0/../../../../../H-x86_64-mingw32/nios2-elf/lib/mno-hw-mul\libsmallc.a(lib_a-memcmp.o)
                                        0x1df (size before relaxing)
 .debug_str     0x00000000000013a7       0x3d d:/quartus/nios2eds/bin/gnu/h-x86_64-mingw32/bin/../lib/gcc/nios2-elf/5.3.0/../../../../../H-x86_64-mingw32/nios2-elf/lib/mno-hw-mul\libsmallc.a(lib_a-strcmp.o)
                                        0x1d8 (size before relaxing)
 .debug_str     0x00000000000013e4       0x3d d:/quartus/nios2eds/bin/gnu/h-x86_64-mingw32/bin/../lib/gcc/nios2-elf/5.3.0/../../../../../H-x86_64-mingw32/nios2-elf/lib/mno-hw-mul\libsmallc.a(lib_a-strlen.o)
                                        0x1e5 (size before relaxing)
 .debug_str     0x0000000000001421       0x40 d:/quartus/nios2eds/bin/gnu/h-x86_64-mingw32/bin/../lib/gcc/nios2-elf/5.3.0/mno-hw-mul\libgcc.a(lib2-mul.o)
                                        0x193 (size before relaxing)

.debug_loc      0x0000000000000000      0xeb9
 *(.debug_loc)
 .debug_loc     0x0000000000000000      0x21b obj/default/hello_world_small.o
 .debug_loc     0x000000000000021b      0x4ce d:/quartus/nios2eds/bin/gnu/h-x86_64-mingw32/bin/../lib/gcc/nios2-elf/5.3.0/mno-hw-mul\libgcc.a(lib2-divmod.o)
 .debug_loc     0x00000000000006e9       0xfa ../NIOSII_bsp/\libhal_bsp.a(alt_irq_register.o)
 .debug_loc     0x00000000000007e3       0x37 ../NIOSII_bsp/\libhal_bsp.a(alt_putstr.o)
 .debug_loc     0x000000000000081a       0x21 ../NIOSII_bsp/\libhal_bsp.a(alt_usleep.o)
 .debug_loc     0x000000000000083b       0x51 ../NIOSII_bsp/\libhal_bsp.a(alt_sys_init.o)
 .debug_loc     0x000000000000088c       0x8b ../NIOSII_bsp/\libhal_bsp.a(altera_avalon_jtag_uart_write.o)
 .debug_loc     0x0000000000000917      0x1e7 ../NIOSII_bsp/\libhal_bsp.a(altera_up_avalon_video_character_buffer_with_dma.o)
 .debug_loc     0x0000000000000afe       0x67 ../NIOSII_bsp/\libhal_bsp.a(alt_busy_sleep.o)
 .debug_loc     0x0000000000000b65       0x7e ../NIOSII_bsp/\libhal_bsp.a(alt_dev_llist_insert.o)
 .debug_loc     0x0000000000000be3       0x7e ../NIOSII_bsp/\libhal_bsp.a(alt_find_dev.o)
 .debug_loc     0x0000000000000c61       0x72 ../NIOSII_bsp/\libhal_bsp.a(alt_irq_handler.o)
 .debug_loc     0x0000000000000cd3       0x65 ../NIOSII_bsp/\libhal_bsp.a(alt_instruction_exception_entry.o)
 .debug_loc     0x0000000000000d38       0x94 d:/quartus/nios2eds/bin/gnu/h-x86_64-mingw32/bin/../lib/gcc/nios2-elf/5.3.0/../../../../../H-x86_64-mingw32/nios2-elf/lib/mno-hw-mul\libsmallc.a(lib_a-memcmp.o)
 .debug_loc     0x0000000000000dcc       0x3c d:/quartus/nios2eds/bin/gnu/h-x86_64-mingw32/bin/../lib/gcc/nios2-elf/5.3.0/../../../../../H-x86_64-mingw32/nios2-elf/lib/mno-hw-mul\libsmallc.a(lib_a-strcmp.o)
 .debug_loc     0x0000000000000e08       0x1e d:/quartus/nios2eds/bin/gnu/h-x86_64-mingw32/bin/../lib/gcc/nios2-elf/5.3.0/../../../../../H-x86_64-mingw32/nios2-elf/lib/mno-hw-mul\libsmallc.a(lib_a-strlen.o)
 .debug_loc     0x0000000000000e26       0x93 d:/quartus/nios2eds/bin/gnu/h-x86_64-mingw32/bin/../lib/gcc/nios2-elf/5.3.0/mno-hw-mul\libgcc.a(lib2-mul.o)

.debug_macinfo
 *(.debug_macinfo)

.debug_weaknames
 *(.debug_weaknames)

.debug_funcnames
 *(.debug_funcnames)

.debug_typenames
 *(.debug_typenames)

.debug_varnames
 *(.debug_varnames)

.debug_alt_sim_info
                0x0000000000000000       0x40
 *(.debug_alt_sim_info)
 .debug_alt_sim_info
                0x0000000000000000       0x10 ../NIOSII_bsp//obj/HAL/src/crt0.o
 .debug_alt_sim_info
                0x0000000000000010       0x30 ../NIOSII_bsp/\libhal_bsp.a(alt_busy_sleep.o)
                0x0000000000004000                __alt_data_end = 0x4000
                0x0000000000004000                PROVIDE (__alt_stack_pointer, __alt_data_end)
                [!provide]                        PROVIDE (__alt_stack_limit, __alt_stack_base)
                [!provide]                        PROVIDE (__alt_heap_start, end)
                [!provide]                        PROVIDE (__alt_heap_limit, 0x4000)
OUTPUT(NIOSII.elf elf32-littlenios2)

.debug_ranges   0x0000000000000000      0x208
 .debug_ranges  0x0000000000000000       0x20 ../NIOSII_bsp//obj/HAL/src/crt0.o
 .debug_ranges  0x0000000000000020       0x38 obj/default/hello_world_small.o
 .debug_ranges  0x0000000000000058       0x60 d:/quartus/nios2eds/bin/gnu/h-x86_64-mingw32/bin/../lib/gcc/nios2-elf/5.3.0/mno-hw-mul\libgcc.a(lib2-divmod.o)
 .debug_ranges  0x00000000000000b8       0x48 ../NIOSII_bsp/\libhal_bsp.a(alt_load.o)
 .debug_ranges  0x0000000000000100       0x38 ../NIOSII_bsp/\libhal_bsp.a(alt_sys_init.o)
 .debug_ranges  0x0000000000000138       0x20 ../NIOSII_bsp/\libhal_bsp.a(alt_dev_llist_insert.o)
 .debug_ranges  0x0000000000000158       0x28 ../NIOSII_bsp/\libhal_bsp.a(alt_irq_entry.o)
 .debug_ranges  0x0000000000000180       0x10 ../NIOSII_bsp/\libhal_bsp.a(alt_irq_handler.o)
 .debug_ranges  0x0000000000000190       0x30 ../NIOSII_bsp/\libhal_bsp.a(alt_exception_entry.o)
 .debug_ranges  0x00000000000001c0       0x18 ../NIOSII_bsp/\libhal_bsp.a(alt_instruction_exception_entry.o)
 .debug_ranges  0x00000000000001d8       0x10 d:/quartus/nios2eds/bin/gnu/h-x86_64-mingw32/bin/../lib/gcc/nios2-elf/5.3.0/../../../../../H-x86_64-mingw32/nios2-elf/lib/mno-hw-mul\libsmallc.a(lib_a-memcmp.o)
 .debug_ranges  0x00000000000001e8       0x10 d:/quartus/nios2eds/bin/gnu/h-x86_64-mingw32/bin/../lib/gcc/nios2-elf/5.3.0/../../../../../H-x86_64-mingw32/nios2-elf/lib/mno-hw-mul\libsmallc.a(lib_a-strcmp.o)
 .debug_ranges  0x00000000000001f8       0x10 d:/quartus/nios2eds/bin/gnu/h-x86_64-mingw32/bin/../lib/gcc/nios2-elf/5.3.0/../../../../../H-x86_64-mingw32/nios2-elf/lib/mno-hw-mul\libsmallc.a(lib_a-strlen.o)
